---
source: crates/mog-tui/tests/render.rs
expression: text
---
 [scratch] ●                                │ ⎇ SOURCE CONTROL    │
1 fn main() {                               │ main                │ ⎇
2     let answer = 42;                      │  + all   ✔ commit   │ ⌕
3     println!("{answer}");                 │ STAGED              │
4 }                                         │ M src/main.rs       │ $
5                                           │ CHANGES             │
                                            │ U notes.txt         │ ✦
                                            │                     │
                                            │                     │ ≡
                                            │                     │
                                            │                     │
 mog  [scratch] [+]                                ⎇ main Ln 1, Col 1
