---
source: crates/mog-tui/tests/render.rs
expression: "screen(&mut editor, &mut ui, 80, 24)"
---
 [╭ ⌘ command palette ───────────────────────────────────────────────────────╮
1 │ ❯ type a command...                                                  2/2 │
2 │ ──────────────────────────────────────────────────────────────────────── │
3 │ ▸ File: Save  save                                                ctrl+s │
4 │   Quit  quit                                                      ctrl+q │
5 │                                                                          │
  │                                                                          │
  │                                                                          │
  │                                                                          │
  │                                                                          │
  │                                                                          │
  │                                                                          │
  │                                                                          │
  │                                                                          │
  │                                                                          │
  │                                                                          │
  │                                                                          │
  │                                                                          │
  │                                                                          │
  │                                                                          │
  │                                                                          │
  ╰──────────────────────────────────────────────────────────────────────────╯

 mog  [scratch] [+]                                                 Ln 1, Col 1
